
> my-project@0.1.0 build C:\Users\umasa\Downloads\samagra
> next build

node.exe : ΓÜá Warning: 
Next.js inferred your 
workspace root, but it may 
not be correct.
At C:\Users\umasa\AppData\Roa
ming\npm\pnpm.ps1:24 char:5
+     & "node$exe"  "$basedir
/node_modules/pnpm/bin/pnpm.c
js" $args
+     ~~~~~~~~~~~~~~~~~~~~~~~
~~~~~~~~~~~~~~~~~~~~~~~~~~~~~
~~~~~~~~~
    + CategoryInfo           
   : NotSpecified: (ΓÜá War  
  ning: Ne...not be correc   
 t.:String) [], RemoteExc    
eption
    + FullyQualifiedErrorId  
   : NativeCommandError
 
 We detected multiple 
lockfiles and selected the 
directory of C:\Users\umasa\p
ackage-lock.json as the root 
directory.
 To silence this warning, 
set `turbopack.root` in your 
Next.js config, or consider 
removing one of the 
lockfiles if it's not needed.
   See https://nextjs.org/doc
s/app/api-reference/config/ne
xt-config-js/turbopack#root-d
irectory for more 
information.
 Detected additional 
lockfiles: 
   * C:\Users\umasa\Downloads
\samagra\pnpm-lock.yaml

Γû▓ Next.js 16.1.6 (Turbopack)

  Creating an optimized production build ...
Error: Cannot apply unknown 
utility class `border-border`
    [2m[at 
onInvalidCandidate (C:\Users\
umasa\Downloads\samagra\node_
modules\.pnpm\tailwindcss@4.2
.0\node_modules\tailwindcss\d
ist\lib.js:21:1511)][0m
    [2m[at Ee (C:\Users\umas
a\Downloads\samagra\node_modu
les\.pnpm\tailwindcss@4.2.0\n
ode_modules\tailwindcss\dist\
lib.js:16:37066)][0m
    [2m[at C:\Users\umasa\Do
wnloads\samagra\node_modules\
.pnpm\tailwindcss@4.2.0\node_
modules\tailwindcss\dist\lib.
js:21:355][0m
    [2m[at Pr (C:\Users\umas
a\Downloads\samagra\node_modu
les\.pnpm\tailwindcss@4.2.0\n
ode_modules\tailwindcss\dist\
lib.js:3:1733)][0m
    [2m[at _ (C:\Users\umasa
\Downloads\samagra\node_modul
es\.pnpm\tailwindcss@4.2.0\no
de_modules\tailwindcss\dist\l
ib.js:3:1377)][0m
    [2m[at Te (C:\Users\umas
a\Downloads\samagra\node_modu
les\.pnpm\tailwindcss@4.2.0\n
ode_modules\tailwindcss\dist\
lib.js:21:172)][0m
    [2m[at pn (C:\Users\umas
a\Downloads\samagra\node_modu
les\.pnpm\tailwindcss@4.2.0\n
ode_modules\tailwindcss\dist\
lib.js:38:294)][0m
    [2m[at async dn (C:\User
s\umasa\Downloads\samagra\nod
e_modules\.pnpm\tailwindcss@4
.2.0\node_modules\tailwindcss
\dist\lib.js:38:631)][0m
    [2m[at async Xr (C:\User
s\umasa\Downloads\samagra\nod
e_modules\.pnpm\@tailwindcss+
node@4.2.0\node_modules\@tail
windcss\node\dist\index.js:10
:3417)][0m
    [2m[at async N (C:\Users
\umasa\Downloads\samagra\node
_modules\.pnpm\@tailwindcss+p
ostcss@4.2.0\node_modules\@ta
ilwindcss\postcss\dist\index.
js:10:3979)][0m

> Build error occurred
Error: Turbopack build 
failed with 2 errors:
./Downloads/samagra/app/globa
ls.css
Error evaluating Node.js code
CssSyntaxError: tailwindcss: 
C:\Users\umasa\Downloads\sama
gra\app\globals.css:1:1: 
Cannot apply unknown utility 
class `border-border`
    at Input.error (Downloads
/samagra/node_modules/.pnpm/p
ostcss@8.5.6/node_modules/pos
tcss/lib/input.js:135:16) [C:
\Users\umasa\Downloads\samagr
a\.next\build\chunks\9706a__p
npm_f8c474d0._.js:4651:22]
    at Root.error (Downloads/
samagra/node_modules/.pnpm/po
stcss@8.5.6/node_modules/post
css/lib/node.js:146:32) [C:\U
sers\umasa\Downloads\samagra\
.next\build\chunks\9706a__pnp
m_f8c474d0._.js:928:38]
    [at Object.Once (C:\Users
\umasa\Downloads\samagra\node
_modules\.pnpm\@tailwindcss+p
ostcss@4.2.0\node_modules\@ta
ilwindcss\postcss\dist\index.
js:10:6913)]
    at async 
LazyResult.runAsync (Download
s/samagra/node_modules/.pnpm/
postcss@8.5.6/node_modules/po
stcss/lib/lazy-result.js:293:
11) [C:\Users\umasa\Downloads
\samagra\.next\build\chunks\9
706a__pnpm_f8c474d0._.js:6206
:21]
    at async transform (turbo
pack:///[turbopack-node]/tran
sforms/postcss.ts:70:34) [C:\
Users\umasa\Downloads\samagra
\.next\build\chunks\[root-of-
the-server]__e9efd8c5._.js:14
6:36]
    at async run (turbopack:/
//[turbopack-node]/ipc/evalua
te.ts:92:23) [C:\Users\umasa\
Downloads\samagra\.next\build
\chunks\[root-of-the-server]_
_0d199528._.js:443:31]

Import trace:
  Client Component Browser:
    ./Downloads/samagra/app/g
lobals.css [Client Component 
Browser]
    ./Downloads/samagra/app/l
ayout.tsx [Server Component]


./Downloads/samagra/app/page.
tsx:11:17
Ecmascript file had an error
[0m [90m  9 |[39m 
[36mimport[39m { 
[33mFooter[39m } 
[36mfrom[39m [32m'@/compon
ents/footer'[39m[33m;[39m
 [90m 10 |[39m
[31m[1m>[22m[39m[90m 11 
|[39m [36mconst[39m 
[33mAIScene[39m 
[33m=[39m dynamic(
 [90m    |[39m             
    [31m[1m^[22m[39m[31m
[1m^[22m[39m[31m[1m^[22
m[39m[31m[1m^[22m[39m[3
1m[1m^[22m[39m[31m[1m^[
22m[39m[31m[1m^[22m[39m
[31m[1m^[22m[39m
[31m[1m>[22m[39m[90m 12 
|[39m   () [33m=>[39m [36
mimport[39m([32m'@/componen
ts/ai-scene'[39m)[33m.[39m
then(mod [33m=>[39m ({ 
[36mdefault[39m[33m:[39m 
mod[33m.[39m[33mAIScene[3
9m }))[33m,[39m
 [90m    |[39m [31m[1m^[
22m[39m[31m[1m^[22m[39m
[31m[1m^[22m[39m[31m[1m^
[22m[39m[31m[1m^[22m[39
m[31m[1m^[22m[39m[31m[1
m^[22m[39m[31m[1m^[22m[
39m[31m[1m^[22m[39m[31m
[1m^[22m[39m[31m[1m^[22m
[39m[31m[1m^[22m[39m[31
m[1m^[22m[39m[31m[1m^[2
2m[39m[31m[1m^[22m[39m[
31m[1m^[22m[39m[31m[1m^
[22m[39m[31m[1m^[22m[39m
[31m[1m^[22m[39m[31m[1m
^[22m[39m[31m[1m^[22m[3
9m[31m[1m^[22m[39m[31m[
1m^[22m[39m[31m[1m^[22m
[39m[31m[1m^[22m[39m[31m
[1m^[22m[39m[31m[1m^[22
m[39m[31m[1m^[22m[39m[3
1m[1m^[22m[39m[31m[1m^[
22m[39m[31m[1m^[22m[39m
[31m[1m^[22m[39m[31m[1m^
[22m[39m[31m[1m^[22m[39
m[31m[1m^[22m[39m[31m[1
m^[22m[39m[31m[1m^[22m[
39m[31m[1m^[22m[39m[31m
[1m^[22m[39m[31m[1m^[22m
[39m[31m[1m^[22m[39m[31
m[1m^[22m[39m[31m[1m^[2
2m[39m[31m[1m^[22m[39m[
31m[1m^[22m[39m[31m[1m^
[22m[39m[31m[1m^[22m[39m
[31m[1m^[22m[39m[31m[1m
^[22m[39m[31m[1m^[22m[3
9m[31m[1m^[22m[39m[31m[
1m^[22m[39m[31m[1m^[22m
[39m[31m[1m^[22m[39m[31m
[1m^[22m[39m[31m[1m^[22
m[39m[31m[1m^[22m[39m[3
1m[1m^[22m[39m[31m[1m^[
22m[39m[31m[1m^[22m[39m
[31m[1m^[22m[39m[31m[1m^
[22m[39m[31m[1m^[22m[39
m[31m[1m^[22m[39m[31m[1
m^[22m[39m[31m[1m^[22m[
39m[31m[1m^[22m[39m[31m
[1m^[22m[39m[31m[1m^[22m
[39m[31m[1m^[22m[39m[31
m[1m^[22m[39m[31m[1m^[2
2m[39m[31m[1m^[22m[39m[
31m[1m^[22m[39m[31m[1m^
[22m[39m[31m[1m^[22m[39m
[31m[1m^[22m[39m[31m[1m
^[22m[39m[31m[1m^[22m[3
9m[31m[1m^[22m[39m
[31m[1m>[22m[39m[90m 13 
|[39m   { ssr[33m:[39m 
[36mfalse[39m[33m,[39m 
loading[33m:[39m () 
[33m=>[39m 
[33m<[39m[33mdiv[39m clas
sName[33m=[39m[32m"w-full 
h-screen bg-background"[39m 
[33m/[39m[33m>[39m }
 [90m    |[39m [31m[1m^[
22m[39m[31m[1m^[22m[39m
[31m[1m^[22m[39m[31m[1m^
[22m[39m[31m[1m^[22m[39
m[31m[1m^[22m[39m[31m[1
m^[22m[39m[31m[1m^[22m[
39m[31m[1m^[22m[39m[31m
[1m^[22m[39m[31m[1m^[22m
[39m[31m[1m^[22m[39m[31
m[1m^[22m[39m[31m[1m^[2
2m[39m[31m[1m^[22m[39m[
31m[1m^[22m[39m[31m[1m^
[22m[39m[31m[1m^[22m[39m
[31m[1m^[22m[39m[31m[1m
^[22m[39m[31m[1m^[22m[3
9m[31m[1m^[22m[39m[31m[
1m^[22m[39m[31m[1m^[22m
[39m[31m[1m^[22m[39m[31m
[1m^[22m[39m[31m[1m^[22
m[39m[31m[1m^[22m[39m[3
1m[1m^[22m[39m[31m[1m^[
22m[39m[31m[1m^[22m[39m
[31m[1m^[22m[39m[31m[1m^
[22m[39m[31m[1m^[22m[39
m[31m[1m^[22m[39m[31m[1
m^[22m[39m[31m[1m^[22m[
39m[31m[1m^[22m[39m[31m
[1m^[22m[39m[31m[1m^[22m
[39m[31m[1m^[22m[39m[31
m[1m^[22m[39m[31m[1m^[2
2m[39m[31m[1m^[22m[39m[
31m[1m^[22m[39m[31m[1m^
[22m[39m[31m[1m^[22m[39m
[31m[1m^[22m[39m[31m[1m
^[22m[39m[31m[1m^[22m[3
9m[31m[1m^[22m[39m[31m[
1m^[22m[39m[31m[1m^[22m
[39m[31m[1m^[22m[39m[31m
[1m^[22m[39m[31m[1m^[22
m[39m[31m[1m^[22m[39m[3
1m[1m^[22m[39m[31m[1m^[
22m[39m[31m[1m^[22m[39m
[31m[1m^[22m[39m[31m[1m^
[22m[39m[31m[1m^[22m[39
m[31m[1m^[22m[39m[31m[1
m^[22m[39m[31m[1m^[22m[
39m[31m[1m^[22m[39m[31m
[1m^[22m[39m[31m[1m^[22m
[39m[31m[1m^[22m[39m[31
m[1m^[22m[39m[31m[1m^[2
2m[39m[31m[1m^[22m[39m[
31m[1m^[22m[39m[31m[1m^
[22m[39m[31m[1m^[22m[39m
[31m[1m^[22m[39m[31m[1m
^[22m[39m[31m[1m^[22m[3
9m[31m[1m^[22m[39m
[31m[1m>[22m[39m[90m 14 
|[39m )[33m;[39m
 [90m    |[39m [31m[1m^[
22m[39m[31m[1m^[22m[39m
 [90m 15 |[39m
 [90m 16 |[39m 
[36mexport[39m 
[36mdefault[39m 
[36mfunction[39m 
[33mHome[39m() {
 [90m 17 |[39m   
[36mreturn[39m ([0m

`ssr: false` is not allowed 
with `next/dynamic` in 
Server Components. Please 
move it into a Client 
Component.


    at async transform (turbo
pack:///[turbopack-node]/tran
sforms/postcss.ts:70:34) [C:\
Users\umasa\Downloads\samagra
\.next\build\chunks\[root-of-
the-server]__e9efd8c5._.js:14
6:36])
    at async run (turbopack:/
//[turbopack-node]/ipc/evalua
te.ts:92:23) [C:\Users\umasa\
Downloads\samagra\.next\build
\chunks\[root-of-the-server]_
_0d199528._.js:443:31])
    at <unknown> (./Downloads
/samagra/app/page.tsx:11:17)
ΓÇëELIFECYCLEΓÇë Command failed with exit code 1.
